============================= test session starts =============================
platform win32 -- Python 3.14.0, pytest-9.0.2, pluggy-1.6.0
rootdir: C:\Users\Lenovo\Developer\SentinelAI\backend
configfile: pyproject.toml
plugins: anyio-4.12.0
collected 0 items / 1 error

=================================== ERRORS ====================================
_____________________ ERROR collecting tests/test_main.py _____________________
ImportError while importing test module 'C:\Users\Lenovo\Developer\SentinelAI\backend\tests\test_main.py'.
Hint: make sure your test modules/packages have valid Python names.
Traceback:
C:\Python314\Lib\importlib\__init__.py:88: in import_module
    return _bootstrap._gcd_import(name[level:], package, level)
           ^^^^^^^^^^^^^^^^^^^^^^^^^^^^^^^^^^^^^^^^^^^^^^^^^^^^
tests\test_main.py:2: in <module>
    from main import app
main.py:11: in <module>
    from config import get_settings
config.py:8: in <module>
    from pydantic_settings import BaseSettings, SettingsConfigDict
E   ModuleNotFoundError: No module named 'pydantic_settings'
=========================== short test summary info ===========================
ERROR tests/test_main.py
!!!!!!!!!!!!!!!!!!! Interrupted: 1 error during collection !!!!!!!!!!!!!!!!!!!!
============================== 1 error in 0.40s ===============================
